// Jest Snapshot v1, https://goo.gl/fbAQLP

exports[`PublicAddress component sanity matches default snapshot 1`] = `
.c0 {
  display: -webkit-box;
  display: -webkit-flex;
  display: -ms-flexbox;
  display: flex;
  -webkit-flex-direction: column;
  -ms-flex-direction: column;
  flex-direction: column;
  -webkit-align-items: flex-start;
  -webkit-box-align: flex-start;
  -ms-flex-align: flex-start;
  align-items: flex-start;
}

.c0 {
  box-sizing: border-box;
}

.c5 {
  margin: 0px;
  padding-left: 16px;
  padding-right: 16px;
  padding-top: 0px;
  padding-bottom: 0px;
  color: #fff;
  background-color: #4E3FCE;
  font-size: inherit;
  height: 48px;
  height: small;
  width: small;
  position: relative;
  border: 0;
  border-color: none;
  border-radius: 4px;
}

.c5 {
  box-sizing: border-box;
}

.c1 {
  margin-bottom: 8px;
  color: copyColor;
  font-size: 14px;
  font-size: 14px;
  font-family: sansSerif;
  font-weight: 3;
  text-align: left;
  line-height: copy;
}

.c1 {
  box-sizing: border-box;
}

.c3 {
  -webkit-appearance: none;
  -moz-appearance: none;
  appearance: none;
  font-size: 1rem;
  line-height: 1;
  height: 48px;
  padding: 0 1rem;
  border: 1px solid;
  background: #FFFFFF;
  border-color: #CCC;
  border-radius: 4px;
  box-shadow: 0px 2px 4px rgba(0,0,0,0.1);
  text-overflow: ellipsis;
  white-space: no-wrap;
}

.c3:hover {
  box-shadow: 0px 2px 6px rgba(0,0,0,0.3);
}

.c3:focus {
  outline: none;
  border-color: #5436D6;
}

.c3:disabled {
  opacity: 0.4;
  pointer-events: none;
}

.c4 {
  font-weight: 600;
  box-shadow: 0px 2px 4px rgba(0,0,0,0.1);
  font-size: 12px;
  height: 32px;
  min-width: 32px;
  padding: 0 16px;
}

.c4 {
  cursor: pointer;
  font-family: inherit;
  -webkit-text-decoration: none;
  text-decoration: none;
  text-align: center;
  line-height: 1;
  overflow: hidden;
  white-space: nowrap;
  -webkit-font-smoothing: antialiased;
  display: -webkit-inline-box;
  display: -webkit-inline-flex;
  display: -ms-inline-flexbox;
  display: inline-flex;
  -webkit-align-items: center;
  -webkit-box-align: center;
  -ms-flex-align: center;
  align-items: center;
  -webkit-box-pack: center;
  -webkit-justify-content: center;
  -ms-flex-pack: center;
  justify-content: center;
  -webkit-transition: all .15s ease;
  transition: all .15s ease;
}

.c4:hover {
  background-color: #5f52d2;
  box-shadow: 0px 2px 4px rgba(0,0,0,0.2);
}

.c4:active {
  background-color: #4638b9;
  box-shadow: none;
}

.c4:disabled {
  opacity: 0.4;
  cursor: not-allowed;
}

.c4 > svg {
  display: block;
}

.c4 > svg:first-child {
  margin-left: -1rem;
  margin-right: .5rem;
}

.c4 > svg:last-child {
  margin-left: .5rem;
  margin-right: -1rem;
}

.c4 > svg:first-child:last-child {
  margin: 0;
}

.c4 {
  position: relative;
  overflow: hidden;
  display: -webkit-box;
  display: -webkit-flex;
  display: -ms-flexbox;
  display: flex;
  -webkit-align-items: center;
  -webkit-box-align: center;
  -ms-flex-align: center;
  align-items: center;
  -webkit-box-pack: center;
  -webkit-justify-content: center;
  -ms-flex-pack: center;
  justify-content: center;
}

.c4.-is-copied::before {
  content: '';
  position: absolute;
  width: 100%;
  height: 100%;
  background: inherit;
  opacity: 1;
  -webkit-animation-name: eMLfYp;
  animation-name: eMLfYp;
  -webkit-animation-duration: 100ms;
  animation-duration: 100ms;
  -webkit-animation-timing-function: linear;
  animation-timing-function: linear;
}

.c4::after {
  opacity: 0;
  content: 'Copied!';
  position: absolute;
  width: 100%;
  background: inherit;
  -webkit-transition: all 500ms ease;
  transition: all 500ms ease;
}

.c4.-is-copied::after {
  opacity: 1;
  -webkit-animation-name: kcJLrX;
  animation-name: kcJLrX;
  -webkit-animation-duration: 1000ms;
  animation-duration: 1000ms;
  -webkit-animation-timing-function: ease;
  animation-timing-function: ease;
}

.c2 {
  box-sizing: border-box;
}

.c2 {
  display: -webkit-box;
  display: -webkit-flex;
  display: -ms-flexbox;
  display: flex;
  -webkit-flex-direction: row;
  -ms-flex-direction: row;
  flex-direction: row;
  -webkit-align-items: center;
  -webkit-box-align: center;
  -ms-flex-align: center;
  align-items: center;
  width: 100%;
  position: relative;
}

.c2 > input {
  width: 100%;
  padding-right: 5.25rem;
}

.c2 > button {
  position: absolute;
  right: .75rem;
}

<label
  class="c0"
  display="flex"
>
  <div
    class="c1"
    color="copyColor"
    font-family="sansSerif"
    font-size="1"
    font-weight="3"
  >
    Public Address
  </div>
  <div
    class="c2"
  >
    <input
      class="c3"
      readonly=""
    >
      
    </input>
    <button
      class="c4 c5"
      color="white"
      font-size="inherit"
      font-weight="3"
      height="48px"
      type="button"
    >
      <span>
        Copy
      </span>
    </button>
  </div>
</label>
`;
