// Jest Snapshot v1, https://goo.gl/fbAQLP

exports[`Image component sanity matches default snapshot 1`] = `
.c0 {
  background-color: #eee;
  width: 100%;
  display: block;
}

.c0 {
  box-sizing: border-box;
}

<img
  class="c0"
  display="block"
  width="100%"
>
  
</img>
`;
