// Jest Snapshot v1, https://goo.gl/fbAQLP

exports[`Box component sanity matches default snapshot 1`] = `
.c0 {
  text-align: left;
}

.c0 {
  box-sizing: border-box;
}

<div
  class="c0"
>
  
</div>
`;
