// Jest Snapshot v1, https://goo.gl/fbAQLP

exports[`Box component matches default snapshot 1`] = `
.c0 {
  box-sizing: border-box;
}

<div
  className="c0"
/>
`;

exports[`Box component sanity matches default snapshot 1`] = `
.c0 {
  box-sizing: border-box;
}

<div
  className="c0"
/>
`;
