// Jest Snapshot v1, https://goo.gl/fbAQLP

exports[`Flex component sanity matches default snapshot 1`] = `
.c0 {
  box-sizing: border-box;
}

.c0 {
  display: -webkit-box;
  display: -webkit-flex;
  display: -ms-flexbox;
  display: flex;
}

<div
  class="c0"
>
  
</div>
`;
