// Jest Snapshot v1, https://goo.gl/fbAQLP

exports[`MetaMaskButton component sanity matches default snapshot 1`] = `
<StyledComponent
  forwardedClass={
    Object {
      "$$typeof": Symbol(react.forward_ref),
      "attrs": undefined,
      "componentStyle": ComponentStyle {
        "componentId": "sc-gQORMK",
        "isStatic": false,
        "rules": Array [
          "
      > span {
        display: inherit;
        align-items: center;
      }
    
      > span > svg:first-child {
        display: block;
        height: ",
          [Function],
          ";
        width: ",
          [Function],
          ";
        margin-right: .5rem;
      }
    ",
          "
      & {
        color: white;
        background: black;
        box-shadow: 0px 2px 4px rgba(0, 0, 0, 0.1);
      }
      &:hover {
        background-color: rgba(0, 0, 0, 0.7);
      }
      &:active {
        background-color: rgba(0, 0, 0, 0.4);
      }
    ",
        ],
      },
      "displayName": "MetaMaskButton",
      "outline": Object {
        "$$typeof": Symbol(react.forward_ref),
        "attrs": undefined,
        "componentStyle": ComponentStyle {
          "componentId": "sc-eiqfgm",
          "isStatic": false,
          "rules": Array [
            "
      > span {
        display: inherit;
        align-items: center;
      }
    
      > span > svg:first-child {
        display: block;
        height: ",
            [Function],
            ";
        width: ",
            [Function],
            ";
        margin-right: .5rem;
      }
    ",
            "
      & {
        color: #333333;
        background: #FFFFFF;
        border: 1px solid #CCCCCC;
        box-shadow: 0px 2px 4px rgba(0, 0, 0, 0.1);
      }
      &:hover {
        background-color: #F3F2F2;
      }
      &:active {
        background-color: #E4E4E4;
      }
    ",
          ],
        },
        "displayName": "Styled(Styled(ProtoButton))",
        "render": [Function],
        "styledComponentId": "sc-eiqfgm",
        "target": [Function],
        "warnTooManyClasses": [Function],
        "withComponent": [Function],
        Symbol(Symbol.hasInstance): [Function],
      },
      "render": [Function],
      "styledComponentId": "sc-gQORMK",
      "target": [Function],
      "warnTooManyClasses": [Function],
      "withComponent": [Function],
      Symbol(Symbol.hasInstance): [Function],
    }
  }
  forwardedRef={null}
/>
`;
