// Jest Snapshot v1, https://goo.gl/fbAQLP

exports[`Icon component sanity matches default snapshot 1`] = `null`;
