// Jest Snapshot v1, https://goo.gl/fbAQLP

exports[`Tooltip component sanity matches default snapshot 1`] = `
<span
  style="display:inline-block"
>
  
</span>
`;
