// Jest Snapshot v1, https://goo.gl/fbAQLP

exports[`Textarea component sanity matches default snapshot 1`] = `
.c0 {
  -webkit-appearance: none;
  -moz-appearance: none;
  appearance: none;
  font-size: 1rem;
  line-height: 1;
  height: 48px;
  padding: 0 1rem;
  border: 1px solid;
  background: #FFFFFF;
  border-color: #CCC;
  border-radius: 4px;
  box-shadow: 0px 2px 4px rgba(0,0,0,0.1);
  -webkit-appearance: none;
  -moz-appearance: none;
  appearance: none;
  font-size: 1rem;
  line-height: 1;
  height: auto;
  background: #FFFFFF;
  padding: 16px;
}

.c0:hover {
  box-shadow: 0px 2px 6px rgba(0,0,0,0.3);
}

.c0:focus {
  outline: none;
  border-color: #5436D6;
}

.c0:disabled {
  opacity: 0.4;
  pointer-events: none;
}

<textarea
  class="c0"
>
  
</textarea>
`;
