// Jest Snapshot v1, https://goo.gl/fbAQLP

exports[`QR component sanity matches default snapshot 1`] = `
<canvas
  height="128"
  style="height:128px;width:128px"
  width="128"
>
  
</canvas>
`;
