// Jest Snapshot v1, https://goo.gl/fbAQLP

exports[`Progress component sanity matches default snapshot 1`] = `
.c0 {
  -webkit-appearance: none;
  -moz-appearance: none;
  appearance: none;
  display: inline-block;
  overflow: hidden;
  height: 8px;
  border-radius: 4px;
}

.c0::-webkit-progress-bar {
  background-color: rgba(78,63,206,0.25);
}

.c0::-webkit-progress-value {
  background-color: #4E3FCE;
  border-radius: 4px;
}

<progress
  class="c0"
>
  
</progress>
`;
